
> tution-backend@1.0.0 build
> prisma generate && tsc

Environment variables loaded from .env
Prisma schema loaded from prisma\schema.prisma

Γ£ö Generated Prisma Client (v5.22.0) to .\node_modules\@prisma\client in 200ms

Start by importing your Prisma Client (See: https://pris.ly/d/importing-client)

Tip: Need your database queries to be 1000x faster? Accelerate offers you that and more: https://pris.ly/tip-2-accelerate

npm : ΓöîΓöÇΓöÇΓöÇΓöÇΓöÇΓö
ÇΓöÇΓöÇΓöÇΓöÇΓöÇΓöÇΓöÇΓöÇΓ
öÇΓöÇΓöÇΓöÇΓöÇΓöÇΓöÇΓöÇΓöÇ
ΓöÇΓöÇΓöÇΓöÇΓöÇΓöÇΓöÇΓöÇΓö
ÇΓöÇΓöÇΓöÇΓöÇΓöÇΓöÇΓöÇΓöÇΓ
öÇΓöÇΓöÇΓöÇΓöÇΓöÇΓöÇΓöÇΓöÇ
ΓöÇΓöÇΓöÇΓöÇΓöÇΓöÇΓöÇΓöÇΓö
É
At line:1 char:1
+ npm run build > 
build_output.log 2>&1
+ ~~~~~~~~~~~~~~~~~~~~~~~~
~~~~~~~~~~~~~
    + CategoryInfo        
      : NotSpecified: (Γ  
  öîΓöÇΓöÇΓöÇΓöÇ...ΓöÇΓ   
 öÇΓöÇΓöÇΓöÉ:String) [    
], RemoteException
    + FullyQualifiedError 
   Id : NativeCommandErr  
  or
 
Γöé  Update available 
5.22.0 -> 7.8.0           
            Γöé
Γöé                       
                          
        Γöé
Γöé  This is a major 
update - please follow 
the guide at    Γöé
Γöé  https://pris.ly/d/maj
or-version-upgrade        
        Γöé
Γöé                       
                          
        Γöé
Γöé  Run the following to 
update                    
        Γöé
Γöé    npm i --save-dev 
prisma@latest             
          Γöé
Γöé    npm i 
@prisma/client@latest     
                     Γöé
ΓööΓöÇΓöÇΓöÇΓöÇΓöÇΓöÇΓöÇΓö
ÇΓöÇΓöÇΓöÇΓöÇΓöÇΓöÇΓöÇΓöÇΓ
öÇΓöÇΓöÇΓöÇΓöÇΓöÇΓöÇΓöÇΓöÇ
ΓöÇΓöÇΓöÇΓöÇΓöÇΓöÇΓöÇΓöÇΓö
ÇΓöÇΓöÇΓöÇΓöÇΓöÇΓöÇΓöÇΓöÇΓ
öÇΓöÇΓöÇΓöÇΓöÇΓöÇΓöÇΓöÇΓöÇ
ΓöÇΓöÇΓöÇΓöÇΓöÇΓöÇΓöÿ
